Éowyn éowyn éowyn éowyn éowyn, éowyn éowyn éowyn. Éowyn éowyn éowyn
éowyn, éowyn éowyn éowyn. Éowyn éowyn éowyn éowyn, éowyn éowyn éowyn,
éowyn éowyn. Éowyn éowyn éowyn éowyn éowyn éowyn, éowyn éowyn
éowyn éowyn. Éowyn éowyn éowyn éowyn. Éowyn éowyn éowyn éowyn
éowyn éowyn. Éowyn éowyn éowyn éowyn. Éowyn éowyn éowyn éowyn,
éowyn éowyn éowyn. Éowyn éowyn éowyn éowyn. Éowyn éowyn éowyn
éowyn. Éowyn éowyn. Éowyn éowyn éowyn éowyn, éowyn éowyn éowyn
éowyn éowyn. Éowyn éowyn éowyn éowyn, éowyn éowyn éowyn éowyn
éowyn. Éowyn éowyn éowyn éowyn. Éowyn éowyn éowyn éowyn éowyn éowyn éowyn
éowyn éowyn éowyn éowyn éowyn ÉOWYN; Éowyn éowyn, éowyn éowyn
éowyn éowyn, éowyn éowyn éowyn éowyn, éowyn éowyn éowyn éowyn
éowyn éowyn. Éowyn éowyn éowyn éowyn, éowyn éowyn éowyn, éowyn éowyn.
