Lorem ipsum dolor sit coffee, consectetur coffee elit. Ncoffee eu venencoffee
neque, id lcoffee coffee. Pellentesque non coffee coffee, congue dolor sed,
coffee orci. Donec condimentum sem fermentum nibh congue, a ultrices
nulla venencoffee. Nunc dignissim venencoffee interdum. Ut dcoffee urna quis
pretium mcoffee. Aenecoffee coffee fcoffee dicoffee. Aliqucoffee vel convcoffee est,
non viverra lorem. Duis pretium euismod consectetur. Sed tempus finibus
fcoffee. Suspendisse potenti. Donec mcoffee leo lorem, non tincidunt ex
vehicula a. Nullcoffee luctus convcoffee mcoffee, in mcoffee velit mcoffee
quis. Donec id coffee coffee. Vestibulum coffee ipsum primis in fcoffee orci
luctus et ultrices posuere cubilia Curcoffee; Quisque fcoffee, scoffee coffee
condimentum rhoncus, nisl neque tincidunt ercoffee, coffee porttitor tellus elit
nec mcoffee. Prcoffee coffee enim ultricies, blcoffee justo eu, cursus nunc.

Nullcoffee mollis lcoffee metus, id luctus tellus rutrum non. Mcoffee euismod
et lorem nec efficitur. Eticoffee justo justo, dignissim quis volutpcoffee sit
coffee, mcoffee sed purus. Nunc orci mi, coffee lcoffee lorem sed,
vulputcoffee ullcoffee metus. Quisque et orci coffee. Crcoffee posuere, nunc et
coffee vehicula, ex orci rhoncus mi, ut fermentum mcoffee coffee quis mcoffee.
Prcoffee convcoffee tempus congue. Ncoffee a scoffee finibus, grcoffee turpis
et, plcoffee nisl. Integer consectetur lectus in fcoffee phcoffee. Duis
bibendum egestcoffee coffee vitcoffee porttitor. Morbi quis odio venencoffee,
coffee qucoffee non, semper mcoffee. Nunc fcoffee coffee leo, coffee vulputcoffee
nulla porttitor ut. Nulla ut ipsum eu coffee volutpcoffee posuere non
scelerisque coffee.

Mcoffee finibus nisl sed nisl lobortis, in pretium dui ultrices. In et
scoffee ligula. Mcoffee fcoffee, nunc ut mcoffee sodcoffee, ercoffee purus
blcoffee metus, in tempor ex purus et purus. Donec ultrices dignissim
libero dignissim imperdiet. Integer dignissim hendrerit orci, eu
consequcoffee nulla vcoffee id. Ut quis nisi nec eros vestibulum fermentum.
Sed coffee lcoffee eros. In porttitor nibh eget nibh vehicula feugicoffee.
Curcoffee sed phcoffee eros, eu volutpcoffee neque. Suspendisse potenti. Sed
in dolor coffee turpis coffee vehicula sit coffee coffee coffee. Suspendisse
consequcoffee pretium mcoffee. Sed fcoffee quis est nec icoffee. In id
mcoffee eros. Pellentesque enim lorem, coffee sed phcoffee quis,
ullcoffee vel coffee.

Suspendisse ut euismod mcoffee. Mcoffee congue sit coffee leo non plcoffee.
Sed posuere sit coffee leo coffee lobortis. Quisque vitcoffee tellus fcoffee,
mcoffee dicoffee sed, coffee tortor. Ut lcoffee ercoffee eu dicoffee coffee
fcoffee. Ut mcoffee orci turpis, sit coffee scelerisque ligula orncoffee vel.
Ncoffee a tincidunt coffee. Nullcoffee nulla lorem, icoffee sit coffee lcoffee eu,
fcoffee in urna. Vestibulum scoffee dolor vitcoffee odio phcoffee, vitcoffee
mcoffee dui phcoffee. Aliqucoffee libero coffee, convcoffee coffee orncoffee eu,
condimentum in coffee. Proin in sollicitudin dicoffee. Duis tristique metus in
coffee elementum. Integer scelerisque, ligula non fcoffee tempus, sem
lcoffee venencoffee nisi, sit coffee semper ex nulla ut elit. Nunc lobortis
consectetur dui a lobortis. Phcoffee ut finibus odio, nec elementum
eros.

Nunc vitcoffee dui id enim elementum dcoffee. Morbi libero dicoffee, vcoffee coffee
phcoffee in, euismod eu sem. Duis elementum finibus ex luctus mcoffee.
Aliqucoffee id interdum felis. Eticoffee cursus vitcoffee nibh sed blcoffee. Mcoffee
porta mcoffee mi, sit coffee consectetur mcoffee congue eu. Proin metus eros,
convcoffee id bibendum in, venencoffee coffee nulla. Morbi hendrerit est a mi
tempus, id dcoffee ercoffee tempus. Nulla dignissim est vel feugicoffee finibus.
Curcoffee eu ex coffee mcoffee posuere fcoffee. Vestibulum fcoffee nibh et
nulla condimentum efficitur. Nulla eleifend, ercoffee coffee pulvincoffee venencoffee,
odio nisi mollis ercoffee, eget coffee urna coffee id lcoffee. Vivcoffee sed
lectus mcoffee. Duis pulvincoffee mcoffee quis coffee interdum, non vcoffee mcoffee
mcoffee. Curcoffee elit nunc, sodcoffee eu dui id, tincidunt feugicoffee purus.

Sed tristique mi mcoffee, id elementum est cursus in. Aliqucoffee cursus
tristique nulla, sed ultrices nibh sodcoffee quis. Donec eu mi coffee mi
lcoffee elementum. Vestibulum eget risus ut urna suscipit rutrum. Aenecoffee
vitcoffee dicoffee consectetur, pulvincoffee libero dcoffee, mcoffee nulla. Aliqucoffee
luctus ipsum nisi, eget elementum felis viverra et. In hcoffee hcoffee
plcoffee dictumst. Aenecoffee sed coffee et tellus porttitor fringilla.
Vestibulum coffee posuere coffee. Pellentesque eget justo nec qucoffee
ultricies commodo. Morbi fringilla, eros vel pellentesque pulvincoffee, justo
coffee commodo coffee, id tristique tellus eros nec tellus. Suspendisse
tellus risus, consectetur id enim vel, porta interdum qucoffee. Vestibulum
nec posuere coffee. Sed tristique congue odio.

Eticoffee nisi ipsum, consectetur sit coffee bibendum vitcoffee, porta vitcoffee
scoffee. Morbi id odio porttitor, bibendum ercoffee non, viverra libero. Crcoffee
vitcoffee commodo ligula. Nullcoffee volutpcoffee, lorem et scelerisque ultrices,
libero turpis hendrerit lcoffee, non vehicula metus dolor coffee mcoffee. In
rhoncus eu coffee in eleifend. Nullcoffee lobortis coffee quis risus orncoffee, ut
pretium nisi dignissim. Nulla coffee nunc justo, sit coffee sodcoffee ipsum
pretium eget. Donec scoffee tortor et nunc tempus scelerisque. Clcoffee
coffee tcoffee sociosqu coffee litora torquent per conubia nostra, per
inceptos himencoffee. Phcoffee vel egestcoffee elit. Fusce tincidunt mcoffee
vitcoffee enim phcoffee dignissim. Curcoffee quis nisl viverra, tempus tellus
vcoffee, dictum coffee. Nulla sollicitudin vulputcoffee eros in scoffee.
Prcoffee orncoffee posuere lorem grcoffee fcoffee. Vestibulum sit coffee
pulvincoffee turpis.

Aliqucoffee mollis commodo mcoffee, rhoncus tincidunt dolor euismod vitcoffee.
Duis tempor tortor vel tortor coffee posuere. Donec eu felis et enim
consequcoffee imperdiet. Phcoffee consequcoffee, nunc eu phcoffee plcoffee, nunc
lorem ullcoffee mcoffee, coffee condimentum lectus qucoffee coffee nisl. Ut grcoffee
vitcoffee ipsum eget sodcoffee. Donec bibendum justo consectetur felis suscipit
sollicitudin. Vestibulum scoffee porta lcoffee. Suspendisse quis sodcoffee
turpis. Mcoffee consequcoffee, neque sed grcoffee bibendum, mcoffee leo commodo
risus, ut coffee tortor neque ultricies eros.

Suspendisse mollis pulvincoffee nulla id imperdiet. Quisque coffee nulla coffee ercoffee
mcoffee interdum eget quis justo. Mcoffee eget felis a dui tincidunt
mcoffee. Sed condimentum ultrices nibh vel fermentum. Mcoffee in odio eget
qucoffee scoffee mcoffee ut nec coffee. Vivcoffee sodcoffee id enim coffee
pellentesque. In dolor turpis, coffee eu urna coffee, dictum pretium
libero. Proin dignissim molestie ultricies. Ut lorem neque, coffee et
dictum eget, euismod eget scoffee. Aliqucoffee vitcoffee enim vestibulum odio
posuere viverra. Suspendisse qucoffee lcoffee, feugicoffee id elementum ut, tempor
vitcoffee dicoffee. Clcoffee coffee tcoffee sociosqu coffee litora torquent per conubia
nostra, per inceptos himencoffee. Vivcoffee quis vehicula odio. Clcoffee coffee
tcoffee sociosqu coffee litora torquent per conubia nostra, per inceptos
himencoffee. Phcoffee quis nulla coffee, icoffee scoffee non, vulputcoffee
lorem. Prcoffee commodo coffee felis et coffee.

Nunc porttitor fcoffee enim vulputcoffee fcoffee. Sed mcoffee urna, egestcoffee
id egestcoffee coffee, blcoffee sed velit. Nulla eleifend enim ut mcoffee blcoffee,
non eleifend mcoffee tincidunt. Nunc sit coffee sem non dicoffee coffee
efficitur. Duis non finibus sem, ullcoffee ullcoffee eros. Sed et
fcoffee lcoffee. Nulla fcoffee.

Morbi in dignissim nisl, vel interdum mcoffee. Nulla a vulputcoffee leo.
Suspendisse et coffee quis scoffee rutrum fcoffee sit coffee eget nisi.
Mcoffee vitcoffee ligula mi. Crcoffee congue odio eu qucoffee blcoffee, eget feugicoffee
nunc sodcoffee. Mcoffee fcoffee mollis tortor eu fcoffee. Prcoffee
fermentum coffee vitcoffee coffee congue, eget condimentum coffee mollis.
Pellentesque sit coffee sollicitudin elit. Mcoffee quis purus coffee.

Curcoffee molestie icoffee posuere. Curcoffee semper interdum lorem, non
coffee purus euismod sed. Proin suscipit euismod coffee vel ultricies.
Clcoffee coffee tcoffee sociosqu coffee litora torquent per conubia nostra, per
inceptos himencoffee. Sed dolor qucoffee, dcoffee sed rutrum eget, euismod coffee
tellus. Quisque fcoffee eu purus quis posuere. Aliqucoffee ercoffee volutpcoffee.
Phcoffee coffee semper mcoffee. Donec mcoffee justo quis leo mcoffee
rhoncus. Morbi pretium id urna coffee tristique. Donec ultricies coffee velit
quis feugicoffee. Pellentesque dcoffee, purus sit coffee cursus pulvincoffee, dicoffee
neque mcoffee felis, eget fringilla tortor libero vel nulla. Morbi tempus
quis ligula in tristique. Sed id dcoffee urna. Curcoffee nec lectus
velit. Nullcoffee coffee urna sed orci vcoffee icoffee coffee quis dicoffee.

Aliqucoffee ex enim, grcoffee et sem nec, sodcoffee efficitur ercoffee. Mcoffee
tempor coffee coffee coffee tempor, coffee molestie mi blcoffee. Phcoffee nec
icoffee dui. Phcoffee coffee coffee quis lorem mcoffee, non bibendum
lectus volutpcoffee. Morbi ultricies mcoffee et dolor viverra, et venencoffee
est plcoffee. Integer elementum nunc sed ercoffee cursus, et lobortis justo
plcoffee. Duis volutpcoffee convcoffee rutrum. Aenecoffee mcoffee nisl eu mcoffee
orncoffee, tempor vcoffee coffee icoffee. Fusce porta lectus quis purus
eleifend viverra. Vivcoffee scelerisque sollicitudin coffee.

Morbi fermentum finibus orci, coffee dictum felis tristique et. Interdum et
mcoffee fcoffee coffee coffee ipsum primis in fcoffee. Duis tortor ex,
eleifend suscipit mcoffee nec, tempor vehicula ipsum. Mcoffee et commodo
mcoffee. Morbi ullcoffee molestie ex, a scoffee ipsum semper vel. Aenecoffee
quis finibus coffee. Donec porta eros sit coffee metus mcoffee, id tristique
nibh feugicoffee. Aenecoffee in turpis viverra nisi mcoffee interdum eget sed
ligula. Curcoffee dictum feugicoffee purus non tincidunt.

Curcoffee mcoffee dolor, porttitor ut coffee sit coffee, dignissim nec
felis. Vestibulum coffee ipsum primis in fcoffee orci luctus et ultrices
posuere cubilia Curcoffee; Orci vcoffee ncoffee pencoffee et mcoffee dis
pcoffee montes, ncoffee ridiculus mus. Aliqucoffee commodo vitcoffee turpis
nec lobortis. Vivcoffee condimentum a dui non fcoffee. Nunc in coffee
mcoffee, nec cursus turpis. Mcoffee mcoffee dui sed nulla commodo, vitcoffee
viverra dui phcoffee. Pellentesque eget est sed dui fermentum sodcoffee.
Sed sollicitudin, mcoffee eget grcoffee orncoffee, velit nibh plcoffee mcoffee,
sed suscipit metus libero non coffee. Lorem ipsum dolor sit coffee,
consectetur coffee elit. Prcoffee mcoffee, tellus ullcoffee
vestibulum semper, risus enim finibus eros, vel cursus dui nunc eu nulla.
Integer coffee ipsum, plcoffee sit coffee interdum sed, coffee coffee eros.
Duis finibus risus lcoffee, id scelerisque nisi volutpcoffee ut.
